// Jest Snapshot v1, https://goo.gl/fbAQLP

exports[`sets MVContextMenu with Edit/Delete option 1`] = `
<div
  id="search"
>
  <input
    id="search__text"
    onChange={[Function]}
    placeholder="What do you want to watch?"
    type="text"
    value=""
  />
  <button
    id="search__button"
    onClick={[Function]}
    type="submit"
  >
    Search
  </button>
</div>
`;

exports[`sets Search button option 1`] = `
<div
  id="search"
>
  <input
    id="search__text"
    onChange={[Function]}
    placeholder="What do you want to watch?"
    type="text"
    value=""
  />
  <button
    id="search__button"
    onClick={[Function]}
    type="submit"
  >
    Search
  </button>
</div>
`;
