// Jest Snapshot v1, https://goo.gl/fbAQLP

exports[`sets genre filter 1`] = `
<button
  className="filter"
  onClick={[Function]}
  type="submit"
>
  COMEDY
</button>
`;

exports[`sets genre filter to COMEDY 1`] = `
<button
  className="filter"
  onClick={[Function]}
  type="submit"
>
  COMEDY
</button>
`;
