// Jest Snapshot v1, https://goo.gl/fbAQLP

exports[`sets all actions 1`] = `
<div
  className="actions"
>
  <button
    className="filter"
    onClick={[Function]}
    type="submit"
  >
    ALL
  </button>
  <button
    className="filter"
    onClick={[Function]}
    type="submit"
  >
    DOCUMENTARY
  </button>
  <button
    className="filter"
    onClick={[Function]}
    type="submit"
  >
    COMEDY
  </button>
  <button
    className="filter"
    onClick={[Function]}
    type="submit"
  >
    HORROR
  </button>
  <button
    className="filter"
    onClick={[Function]}
    type="submit"
  >
    CRIME
  </button>
  <button
    className="filter"
    onClick={[Function]}
    type="submit"
  >
    FANTASY
  </button>
  <select
    className="actions__sort"
    name="sort"
    onChange={[Function]}
  >
    <option
      value="release_date"
    >
      RELEASE DATE
    </option>
    <option
      value="title"
    >
      TITLE
    </option>
  </select>
  <label
    className="actions__sort__label"
  >
    SORT BY
  </label>
</div>
`;
